[36mvite v5.4.21 [32mbuilding for production...[36m[39m
transforming...
[32mÔ£ô[39m 3095 modules transformed.
rendering chunks...
computing gzip size...
[2mdist/[22m[32mindex.html                 [39m[1m[2m    1.11 kB[22m[1m[22m[2m Ôöé gzip:   0.62 kB[22m
[2mdist/[22m[35massets/index-BaAZMwU3.css  [39m[1m[2m   12.82 kB[22m[1m[22m[2m Ôöé gzip:   2.99 kB[22m
[2mdist/[22m[36massets/index-pFaTAdHf.js   [39m[1m[33m1,419.22 kB[39m[22m[2m Ôöé gzip: 397.52 kB[22m
node.exe : [33m
At line:1 char:1
+ & "C:\Program Files
\nodejs/node.exe" 
"C:\Program 
Files\nodejs/node_mo 
...
+ ~~~~~~~~~~~~~~~~~~~
~~~~~~~~~~~~~~~~~~~~~
~~~~~~~~~~~~~~~~~~~~~
~~~~~~~~
    + CategoryInfo   
           : NotSpe  
  cified: ([33m:S   
 tring) [], Remot    
eException
    + FullyQualified 
   ErrorId : Native  
  CommandError
 
(!) Some chunks are 
larger than 500 kB 
after minification. 
Consider:
- Using dynamic 
import() to 
code-split the 
application
- Use build.rollupOpt
ions.output.manualChu
nks to improve 
chunking: https://rol
lupjs.org/configurati
on-options/#output-ma
nualchunks
- Adjust chunk size 
limit for this 
warning via build.chu
nkSizeWarningLimit.[
39m
[32mÔ£ô built in 22.71s[39m
