Starting test...
Scraper loaded: function
Instance created
Instance keys: []
Instance prototype keys: [ 'constructor', 'getLink', 'scrap' ]
Test complete.
